../Core/Src/main.c:155:5:main	16	static
../Core/Src/main.c:478:6:SystemClock_Config	88	static
../Core/Src/main.c:517:13:MX_TIM3_Init	32	static
../Core/Src/main.c:562:13:MX_TIM6_Init	16	static
../Core/Src/main.c:600:13:MX_GPIO_Init	48	static
../Core/Src/main.c:648:6:clearLEDSR	8	static
../Core/Src/main.c:656:6:loadLEDSR	16	static
../Core/Src/main.c:680:6:clearCallSR	8	static
../Core/Src/main.c:701:6:HAL_TIM_PeriodElapsedCallback	16	static
../Core/Src/main.c:723:6:Error_Handler	8	static,ignoring_inline_asm
