../Core/Src/main.c:155:5:main	16	static
../Core/Src/main.c:482:6:SystemClock_Config	88	static
../Core/Src/main.c:521:13:MX_TIM3_Init	32	static
../Core/Src/main.c:566:13:MX_TIM6_Init	16	static
../Core/Src/main.c:604:13:MX_GPIO_Init	48	static
../Core/Src/main.c:652:6:clearLEDSR	8	static
../Core/Src/main.c:661:6:loadLEDSR	16	static
../Core/Src/main.c:686:6:clearCallSR	8	static
../Core/Src/main.c:710:6:HAL_TIM_PeriodElapsedCallback	16	static
../Core/Src/main.c:732:6:Error_Handler	8	static,ignoring_inline_asm
